Sorted container:
Container contains 11 elements.

0: It is a lower triangular matrix. Dimension: n = 8, values: 
12.4517 0 0 0 0 0 0 0 
2.7533 11.7177 0 0 0 0 0 0 
10.6947 6.12494 1.68745 0 0 0 0 0 
14.6344 0.691281 0 0 0 0 0 0 
0 0 0 0 0 0 0 0 
0 0 0 0 0 0 0 0 
0 0 0 0 0 0 0 0 
0 0 0 0 0 0 0 0 
average: 0.949304

1: It is a lower triangular matrix. Dimension: n = 11, values: 
23.3607 0 0 0 0 0 0 0 0 0 0 
4.5309 2.96758 0 0 0 0 0 0 0 0 0 
9.88861 26.437 5.06678 0 0 0 0 0 0 0 0 
9.56747 10.9604 8.06326 4.64909 0 0 0 0 0 0 0 
17.641 0 0 0 0 0 0 0 0 0 0 
0 0 0 0 0 0 0 0 0 0 0 
0 0 0 0 0 0 0 0 0 0 0 
0 0 0 0 0 0 0 0 0 0 0 
0 0 0 0 0 0 0 0 0 0 0 
0 0 0 0 0 0 0 0 0 0 0 
0 0 0 0 0 0 0 0 0 0 0 
average: 1.01763

2: It is a lower triangular matrix. Dimension: n = 13, values: 
23.1107 0 0 0 0 0 0 0 0 0 0 0 0 
15.2841 47.1802 0 0 0 0 0 0 0 0 0 0 0 
23.9926 7.74985 11.5399 0 0 0 0 0 0 0 0 0 0 
12.1547 1.90335 3.74763 49.6806 0 0 0 0 0 0 0 0 0 
7.84485 4.99156 21.4716 0 0 0 0 0 0 0 0 0 0 
0 0 0 0 0 0 0 0 0 0 0 0 0 
0 0 0 0 0 0 0 0 0 0 0 0 0 
0 0 0 0 0 0 0 0 0 0 0 0 0 
0 0 0 0 0 0 0 0 0 0 0 0 0 
0 0 0 0 0 0 0 0 0 0 0 0 0 
0 0 0 0 0 0 0 0 0 0 0 0 0 
0 0 0 0 0 0 0 0 0 0 0 0 0 
0 0 0 0 0 0 0 0 0 0 0 0 0 
average: 1.3648

3: It is a lower triangular matrix. Dimension: n = 15, values: 
7.90775 0 0 0 0 0 0 0 0 0 0 0 0 0 0 
82.1329 2.90571 0 0 0 0 0 0 0 0 0 0 0 0 0 
1.03856 18.0173 3.8165 0 0 0 0 0 0 0 0 0 0 0 0 
6.32509 12.5531 10.8858 81.6407 0 0 0 0 0 0 0 0 0 0 0 
122.354 12.1906 3.33406 11.4328 1.57684 0 0 0 0 0 0 0 0 0 0 
0 0 0 0 0 0 0 0 0 0 0 0 0 0 0 
0 0 0 0 0 0 0 0 0 0 0 0 0 0 0 
0 0 0 0 0 0 0 0 0 0 0 0 0 0 0 
0 0 0 0 0 0 0 0 0 0 0 0 0 0 0 
0 0 0 0 0 0 0 0 0 0 0 0 0 0 0 
0 0 0 0 0 0 0 0 0 0 0 0 0 0 0 
0 0 0 0 0 0 0 0 0 0 0 0 0 0 0 
0 0 0 0 0 0 0 0 0 0 0 0 0 0 0 
0 0 0 0 0 0 0 0 0 0 0 0 0 0 0 
0 0 0 0 0 0 0 0 0 0 0 0 0 0 0 
average: 1.6805

4: It is a lower triangular matrix. Dimension: n = 19, values: 
20.5466 0 0 0 0 0 0 0 0 0 0 0 0 0 0 0 0 0 0 
4.57419 6.73858 0 0 0 0 0 0 0 0 0 0 0 0 0 0 0 0 0 
8.29521 0.679333 2.6926 0 0 0 0 0 0 0 0 0 0 0 0 0 0 0 0 
6.55331 3.37995 13.9283 418.77 0 0 0 0 0 0 0 0 0 0 0 0 0 0 0 
59.3165 2.92745 12.1854 9.03638 92.581 0 0 0 0 0 0 0 0 0 0 0 0 0 0 
12.2481 5.53647 2.00017 4.10364 0 0 0 0 0 0 0 0 0 0 0 0 0 0 0 
0 0 0 0 0 0 0 0 0 0 0 0 0 0 0 0 0 0 0 
0 0 0 0 0 0 0 0 0 0 0 0 0 0 0 0 0 0 0 
0 0 0 0 0 0 0 0 0 0 0 0 0 0 0 0 0 0 0 
0 0 0 0 0 0 0 0 0 0 0 0 0 0 0 0 0 0 0 
0 0 0 0 0 0 0 0 0 0 0 0 0 0 0 0 0 0 0 
0 0 0 0 0 0 0 0 0 0 0 0 0 0 0 0 0 0 0 
0 0 0 0 0 0 0 0 0 0 0 0 0 0 0 0 0 0 0 
0 0 0 0 0 0 0 0 0 0 0 0 0 0 0 0 0 0 0 
0 0 0 0 0 0 0 0 0 0 0 0 0 0 0 0 0 0 0 
0 0 0 0 0 0 0 0 0 0 0 0 0 0 0 0 0 0 0 
0 0 0 0 0 0 0 0 0 0 0 0 0 0 0 0 0 0 0 
0 0 0 0 0 0 0 0 0 0 0 0 0 0 0 0 0 0 0 
0 0 0 0 0 0 0 0 0 0 0 0 0 0 0 0 0 0 0 
average: 1.90054

5: It is a lower triangular matrix. Dimension: n = 9, values: 
10.6169 0 0 0 0 0 0 0 0 
21.1847 12.8123 0 0 0 0 0 0 0 
9.38802 13.5352 15.361 0 0 0 0 0 0 
9.79851 129.748 24.6725 0 0 0 0 0 0 
0 0 0 0 0 0 0 0 0 
0 0 0 0 0 0 0 0 0 
0 0 0 0 0 0 0 0 0 
0 0 0 0 0 0 0 0 0 
0 0 0 0 0 0 0 0 0 
average: 3.05083

6: It is a lower triangular matrix. Dimension: n = 12, values: 
19.2665 0 0 0 0 0 0 0 0 0 0 0 
12.4116 272.241 0 0 0 0 0 0 0 0 0 0 
4.5367 10.4492 11.3535 0 0 0 0 0 0 0 0 0 
55.5731 4.87365 7.72403 23.0825 0 0 0 0 0 0 0 0 
17.2629 4.26782 0 0 0 0 0 0 0 0 0 0 
0 0 0 0 0 0 0 0 0 0 0 0 
0 0 0 0 0 0 0 0 0 0 0 0 
0 0 0 0 0 0 0 0 0 0 0 0 
0 0 0 0 0 0 0 0 0 0 0 0 
0 0 0 0 0 0 0 0 0 0 0 0 
0 0 0 0 0 0 0 0 0 0 0 0 
0 0 0 0 0 0 0 0 0 0 0 0 
average: 3.07668

7: It is a lower triangular matrix. Dimension: n = 10, values: 
6.27993 0 0 0 0 0 0 0 0 0 
19.8232 13.7684 0 0 0 0 0 0 0 0 
10.1735 43.7278 100.794 0 0 0 0 0 0 0 
23.3504 52.9802 64.4807 10.0392 0 0 0 0 0 0 
0 0 0 0 0 0 0 0 0 0 
0 0 0 0 0 0 0 0 0 0 
0 0 0 0 0 0 0 0 0 0 
0 0 0 0 0 0 0 0 0 0 
0 0 0 0 0 0 0 0 0 0 
0 0 0 0 0 0 0 0 0 0 
average: 3.45417

8: It is a lower triangular matrix. Dimension: n = 11, values: 
16.8898 0 0 0 0 0 0 0 0 0 0 
6.48813 20.2953 0 0 0 0 0 0 0 0 0 
8.39714 30.2778 2.13045 0 0 0 0 0 0 0 0 
399.012 16.4879 6.07263 13.4008 0 0 0 0 0 0 0 
9.68263 0 0 0 0 0 0 0 0 0 0 
0 0 0 0 0 0 0 0 0 0 0 
0 0 0 0 0 0 0 0 0 0 0 
0 0 0 0 0 0 0 0 0 0 0 
0 0 0 0 0 0 0 0 0 0 0 
0 0 0 0 0 0 0 0 0 0 0 
0 0 0 0 0 0 0 0 0 0 0 
average: 4.37301

9: It is a lower triangular matrix. Dimension: n = 9, values: 
206.731 0 0 0 0 0 0 0 0 
6.70677 8.99902 0 0 0 0 0 0 0 
728.651 13.8552 0.909832 0 0 0 0 0 0 
9.77083 5.18982 8.36466 0 0 0 0 0 0 
0 0 0 0 0 0 0 0 0 
0 0 0 0 0 0 0 0 0 
0 0 0 0 0 0 0 0 0 
0 0 0 0 0 0 0 0 0 
0 0 0 0 0 0 0 0 0 
average: 12.2121

10: It is a lower triangular matrix. Dimension: n = 0, values: 
average: -nan
