Sorted container:
Container contains 11 elements.

0: It is a diagonal matrix. Dimension: n = 38, values: 
14.5429 0 0 0 0 0 0 0 0 0 0 0 0 0 0 0 0 0 0 0 0 0 0 0 0 0 0 0 0 0 0 0 0 0 0 0 0 0 
0 14.0538 0 0 0 0 0 0 0 0 0 0 0 0 0 0 0 0 0 0 0 0 0 0 0 0 0 0 0 0 0 0 0 0 0 0 0 0 
0 0 75.4871 0 0 0 0 0 0 0 0 0 0 0 0 0 0 0 0 0 0 0 0 0 0 0 0 0 0 0 0 0 0 0 0 0 0 0 
0 0 0 7.75628 0 0 0 0 0 0 0 0 0 0 0 0 0 0 0 0 0 0 0 0 0 0 0 0 0 0 0 0 0 0 0 0 0 0 
0 0 0 0 9.40619 0 0 0 0 0 0 0 0 0 0 0 0 0 0 0 0 0 0 0 0 0 0 0 0 0 0 0 0 0 0 0 0 0 
0 0 0 0 0 11.7907 0 0 0 0 0 0 0 0 0 0 0 0 0 0 0 0 0 0 0 0 0 0 0 0 0 0 0 0 0 0 0 0 
0 0 0 0 0 0 9.16236 0 0 0 0 0 0 0 0 0 0 0 0 0 0 0 0 0 0 0 0 0 0 0 0 0 0 0 0 0 0 0 
0 0 0 0 0 0 0 9.49089 0 0 0 0 0 0 0 0 0 0 0 0 0 0 0 0 0 0 0 0 0 0 0 0 0 0 0 0 0 0 
0 0 0 0 0 0 0 0 11.5431 0 0 0 0 0 0 0 0 0 0 0 0 0 0 0 0 0 0 0 0 0 0 0 0 0 0 0 0 0 
0 0 0 0 0 0 0 0 0 7.30527 0 0 0 0 0 0 0 0 0 0 0 0 0 0 0 0 0 0 0 0 0 0 0 0 0 0 0 0 
0 0 0 0 0 0 0 0 0 0 22.2187 0 0 0 0 0 0 0 0 0 0 0 0 0 0 0 0 0 0 0 0 0 0 0 0 0 0 0 
0 0 0 0 0 0 0 0 0 0 0 11.3186 0 0 0 0 0 0 0 0 0 0 0 0 0 0 0 0 0 0 0 0 0 0 0 0 0 0 
0 0 0 0 0 0 0 0 0 0 0 0 0.268379 0 0 0 0 0 0 0 0 0 0 0 0 0 0 0 0 0 0 0 0 0 0 0 0 0 
0 0 0 0 0 0 0 0 0 0 0 0 0 3.66117 0 0 0 0 0 0 0 0 0 0 0 0 0 0 0 0 0 0 0 0 0 0 0 0 
0 0 0 0 0 0 0 0 0 0 0 0 0 0 88.0491 0 0 0 0 0 0 0 0 0 0 0 0 0 0 0 0 0 0 0 0 0 0 0 
0 0 0 0 0 0 0 0 0 0 0 0 0 0 0 8.72892 0 0 0 0 0 0 0 0 0 0 0 0 0 0 0 0 0 0 0 0 0 0 
0 0 0 0 0 0 0 0 0 0 0 0 0 0 0 0 5.23548 0 0 0 0 0 0 0 0 0 0 0 0 0 0 0 0 0 0 0 0 0 
0 0 0 0 0 0 0 0 0 0 0 0 0 0 0 0 0 0.579316 0 0 0 0 0 0 0 0 0 0 0 0 0 0 0 0 0 0 0 0 
0 0 0 0 0 0 0 0 0 0 0 0 0 0 0 0 0 0 2.54568 0 0 0 0 0 0 0 0 0 0 0 0 0 0 0 0 0 0 0 
0 0 0 0 0 0 0 0 0 0 0 0 0 0 0 0 0 0 0 9.77046 0 0 0 0 0 0 0 0 0 0 0 0 0 0 0 0 0 0 
0 0 0 0 0 0 0 0 0 0 0 0 0 0 0 0 0 0 0 0 1.22886 0 0 0 0 0 0 0 0 0 0 0 0 0 0 0 0 0 
0 0 0 0 0 0 0 0 0 0 0 0 0 0 0 0 0 0 0 0 0 19.2867 0 0 0 0 0 0 0 0 0 0 0 0 0 0 0 0 
0 0 0 0 0 0 0 0 0 0 0 0 0 0 0 0 0 0 0 0 0 0 2.04348 0 0 0 0 0 0 0 0 0 0 0 0 0 0 0 
0 0 0 0 0 0 0 0 0 0 0 0 0 0 0 0 0 0 0 0 0 0 0 14.1069 0 0 0 0 0 0 0 0 0 0 0 0 0 0 
0 0 0 0 0 0 0 0 0 0 0 0 0 0 0 0 0 0 0 0 0 0 0 0 46.9461 0 0 0 0 0 0 0 0 0 0 0 0 0 
0 0 0 0 0 0 0 0 0 0 0 0 0 0 0 0 0 0 0 0 0 0 0 0 0 11.7503 0 0 0 0 0 0 0 0 0 0 0 0 
0 0 0 0 0 0 0 0 0 0 0 0 0 0 0 0 0 0 0 0 0 0 0 0 0 0 39.118 0 0 0 0 0 0 0 0 0 0 0 
0 0 0 0 0 0 0 0 0 0 0 0 0 0 0 0 0 0 0 0 0 0 0 0 0 0 0 22.0179 0 0 0 0 0 0 0 0 0 0 
0 0 0 0 0 0 0 0 0 0 0 0 0 0 0 0 0 0 0 0 0 0 0 0 0 0 0 0 16.3789 0 0 0 0 0 0 0 0 0 
0 0 0 0 0 0 0 0 0 0 0 0 0 0 0 0 0 0 0 0 0 0 0 0 0 0 0 0 0 34.7184 0 0 0 0 0 0 0 0 
0 0 0 0 0 0 0 0 0 0 0 0 0 0 0 0 0 0 0 0 0 0 0 0 0 0 0 0 0 0 22.1224 0 0 0 0 0 0 0 
0 0 0 0 0 0 0 0 0 0 0 0 0 0 0 0 0 0 0 0 0 0 0 0 0 0 0 0 0 0 0 5.41294 0 0 0 0 0 0 
0 0 0 0 0 0 0 0 0 0 0 0 0 0 0 0 0 0 0 0 0 0 0 0 0 0 0 0 0 0 0 0 6.52601 0 0 0 0 0 
0 0 0 0 0 0 0 0 0 0 0 0 0 0 0 0 0 0 0 0 0 0 0 0 0 0 0 0 0 0 0 0 0 6.80114 0 0 0 0 
0 0 0 0 0 0 0 0 0 0 0 0 0 0 0 0 0 0 0 0 0 0 0 0 0 0 0 0 0 0 0 0 0 0 122.236 0 0 0 
0 0 0 0 0 0 0 0 0 0 0 0 0 0 0 0 0 0 0 0 0 0 0 0 0 0 0 0 0 0 0 0 0 0 0 127.627 0 0 
0 0 0 0 0 0 0 0 0 0 0 0 0 0 0 0 0 0 0 0 0 0 0 0 0 0 0 0 0 0 0 0 0 0 0 0 14.138 0 
0 0 0 0 0 0 0 0 0 0 0 0 0 0 0 0 0 0 0 0 0 0 0 0 0 0 0 0 0 0 0 0 0 0 0 0 0 18.5579 
average: 0.591365

1: It is a diagonal matrix. Dimension: n = 5, values: 
8.43249 0 0 0 0 
0 1.17505 0 0 0 
0 0 1.94511 0 0 
0 0 0 21.0178 0 
0 0 0 0 1.43401 
average: 1.36018

2: It is a diagonal matrix. Dimension: n = 13, values: 
7.81376 0 0 0 0 0 0 0 0 0 0 0 0 
0 13.746 0 0 0 0 0 0 0 0 0 0 0 
0 0 18.9499 0 0 0 0 0 0 0 0 0 0 
0 0 0 8.62883 0 0 0 0 0 0 0 0 0 
0 0 0 0 7.53933 0 0 0 0 0 0 0 0 
0 0 0 0 0 11.3879 0 0 0 0 0 0 0 
0 0 0 0 0 0 22.1207 0 0 0 0 0 0 
0 0 0 0 0 0 0 67.006 0 0 0 0 0 
0 0 0 0 0 0 0 0 6.27794 0 0 0 0 
0 0 0 0 0 0 0 0 0 3.36078 0 0 0 
0 0 0 0 0 0 0 0 0 0 14.2385 0 0 
0 0 0 0 0 0 0 0 0 0 0 45.2508 0 
0 0 0 0 0 0 0 0 0 0 0 0 15.162 
average: 1.42889

3: It is a diagonal matrix. Dimension: n = 11, values: 
8.23465 0 0 0 0 0 0 0 0 0 0 
0 5.8233 0 0 0 0 0 0 0 0 0 
0 0 3.00857 0 0 0 0 0 0 0 0 
0 0 0 118.976 0 0 0 0 0 0 0 
0 0 0 0 3.42093 0 0 0 0 0 0 
0 0 0 0 0 177.288 0 0 0 0 0 
0 0 0 0 0 0 15.0228 0 0 0 0 
0 0 0 0 0 0 0 2.39247 0 0 0 
0 0 0 0 0 0 0 0 31.4848 0 0 
0 0 0 0 0 0 0 0 0 15.2017 0 
0 0 0 0 0 0 0 0 0 0 12.094 
average: 3.2475

4: It is a diagonal matrix. Dimension: n = 10, values: 
1.07119 0 0 0 0 0 0 0 0 0 
0 67.3306 0 0 0 0 0 0 0 0 
0 0 4.00286 0 0 0 0 0 0 0 
0 0 0 31.9149 0 0 0 0 0 0 
0 0 0 0 9.91745 0 0 0 0 0 
0 0 0 0 0 302.178 0 0 0 0 
0 0 0 0 0 0 2.57418 0 0 0 
0 0 0 0 0 0 0 14.9875 0 0 
0 0 0 0 0 0 0 0 13.5629 0 
0 0 0 0 0 0 0 0 0 1.3358 
average: 4.48875

5: It is a diagonal matrix. Dimension: n = 18, values: 
7.15767 0 0 0 0 0 0 0 0 0 0 0 0 0 0 0 0 0 
0 2.29824 0 0 0 0 0 0 0 0 0 0 0 0 0 0 0 0 
0 0 38.5635 0 0 0 0 0 0 0 0 0 0 0 0 0 0 0 
0 0 0 2.08339 0 0 0 0 0 0 0 0 0 0 0 0 0 0 
0 0 0 0 12.8893 0 0 0 0 0 0 0 0 0 0 0 0 0 
0 0 0 0 0 0.84939 0 0 0 0 0 0 0 0 0 0 0 0 
0 0 0 0 0 0 9.12235 0 0 0 0 0 0 0 0 0 0 0 
0 0 0 0 0 0 0 8.32215 0 0 0 0 0 0 0 0 0 0 
0 0 0 0 0 0 0 0 43.1157 0 0 0 0 0 0 0 0 0 
0 0 0 0 0 0 0 0 0 3.82518 0 0 0 0 0 0 0 0 
0 0 0 0 0 0 0 0 0 0 10.9558 0 0 0 0 0 0 0 
0 0 0 0 0 0 0 0 0 0 0 4115.6 0 0 0 0 0 0 
0 0 0 0 0 0 0 0 0 0 0 0 8.58187 0 0 0 0 0 
0 0 0 0 0 0 0 0 0 0 0 0 0 13.2084 0 0 0 0 
0 0 0 0 0 0 0 0 0 0 0 0 0 0 2.28621 0 0 0 
0 0 0 0 0 0 0 0 0 0 0 0 0 0 0 5.92771 0 0 
0 0 0 0 0 0 0 0 0 0 0 0 0 0 0 0 10.7257 0 
0 0 0 0 0 0 0 0 0 0 0 0 0 0 0 0 0 3.20188 
average: 13.2676

6: It is a diagonal matrix. Dimension: n = 3, values: 
12.5701 0 0 
0 456.383 0 
0 0 2.02433 
average: 52.3308

7: It is a diagonal matrix. Dimension: n = 1, values: 
55.6126 
average: 55.6126

8: It is a diagonal matrix. Dimension: n = 17, values: 
2.00672 0 0 0 0 0 0 0 0 0 0 0 0 0 0 0 0 
0 8.81106 0 0 0 0 0 0 0 0 0 0 0 0 0 0 0 
0 0 24.6921 0 0 0 0 0 0 0 0 0 0 0 0 0 0 
0 0 0 7.49529 0 0 0 0 0 0 0 0 0 0 0 0 0 
0 0 0 0 22.2997 0 0 0 0 0 0 0 0 0 0 0 0 
0 0 0 0 0 3.15201 0 0 0 0 0 0 0 0 0 0 0 
0 0 0 0 0 0 33.5081 0 0 0 0 0 0 0 0 0 0 
0 0 0 0 0 0 0 18.0382 0 0 0 0 0 0 0 0 0 
0 0 0 0 0 0 0 0 3.32429 0 0 0 0 0 0 0 0 
0 0 0 0 0 0 0 0 0 5.64358 0 0 0 0 0 0 0 
0 0 0 0 0 0 0 0 0 0 42.1174 0 0 0 0 0 0 
0 0 0 0 0 0 0 0 0 0 0 12.6318 0 0 0 0 0 
0 0 0 0 0 0 0 0 0 0 0 0 10.0297 0 0 0 0 
0 0 0 0 0 0 0 0 0 0 0 0 0 47.5536 0 0 0 
0 0 0 0 0 0 0 0 0 0 0 0 0 0 20267.3 0 0 
0 0 0 0 0 0 0 0 0 0 0 0 0 0 0 3.56787 0 
0 0 0 0 0 0 0 0 0 0 0 0 0 0 0 0 53.5178 
average: 71.1616

9: It is a diagonal matrix. Dimension: n = 3, values: 
12.4099 0 0 
0 653.755 0 
0 0 37.2328 
average: 78.1553

10: It is a diagonal matrix. Dimension: n = 0, values: 
average: -nan
